ARM Linker, 5.03 [Build 76] [MDK-ARM Standard]

==============================================================================

Section Cross References

    startup_stm32f40_41xxx.o(STACK) refers (Special) to heapauxi.o(.text) for __use_two_region_memory
    startup_stm32f40_41xxx.o(HEAP) refers (Special) to heapauxi.o(.text) for __use_two_region_memory
    startup_stm32f40_41xxx.o(RESET) refers (Special) to heapauxi.o(.text) for __use_two_region_memory
    startup_stm32f40_41xxx.o(RESET) refers to startup_stm32f40_41xxx.o(STACK) for __initial_sp
    startup_stm32f40_41xxx.o(RESET) refers to startup_stm32f40_41xxx.o(.text) for Reset_Handler
    startup_stm32f40_41xxx.o(RESET) refers to os_cpu_a.o(.text) for OS_CPU_PendSVHandler
    startup_stm32f40_41xxx.o(RESET) refers to os_cpu_c.o(.text) for OS_CPU_SysTickHandler
    startup_stm32f40_41xxx.o(.text) refers (Special) to heapauxi.o(.text) for __use_two_region_memory
    startup_stm32f40_41xxx.o(.text) refers to system_stm32f4xx.o(.text) for SystemInit
    startup_stm32f40_41xxx.o(.text) refers to __main.o(!!!main) for __main
    startup_stm32f40_41xxx.o(.text) refers to startup_stm32f40_41xxx.o(HEAP) for Heap_Mem
    startup_stm32f40_41xxx.o(.text) refers to startup_stm32f40_41xxx.o(STACK) for Stack_Mem
    os_core.o(.text) refers to os_cpu_a.o(.text) for OS_CPU_SR_Save
    os_core.o(.text) refers to os_core.o(.data) for OSIntNesting
    os_core.o(.text) refers to os_core.o(.constdata) for OSUnMapTbl
    os_core.o(.text) refers to os_core.o(.bss) for OSTCBPrioTbl
    os_core.o(.text) refers to os_task.o(.text) for OSTaskStkChk
    os_core.o(.text) refers to os_time.o(.text) for OSTimeDly
    os_core.o(.text) refers to os_cpu_c.o(.text) for OSTaskStatHook
    os_core.o(.text) refers to os_flag.o(.text) for OS_FlagInit
    os_core.o(.text) refers to os_mem.o(.text) for OS_MemInit
    os_core.o(.text) refers to os_q.o(.text) for OS_QInit
    os_core.o(.text) refers to os_tmr.o(.text) for OSTmr_Init
    os_core.o(.text) refers to os_dbg.o(.text) for OSDebugInit
    os_cpu_c.o(.text) refers to _printf_percent.o(.ARM.Collect$$_printf_percent$$00000000) for _printf_percent
    os_cpu_c.o(.text) refers to _printf_s.o(.ARM.Collect$$_printf_percent$$00000014) for _printf_s
    os_cpu_c.o(.text) refers to _printf_str.o(.text) for _printf_str
    os_cpu_c.o(.text) refers to glcd_16bitif_stm32f4xx.o(.text) for GLCD_DisplayChar
    os_cpu_c.o(.text) refers to rand.o(.emb_text) for rand
    os_cpu_c.o(.text) refers to noretval__2sprintf.o(.text) for __2sprintf
    os_cpu_c.o(.text) refers to os_tmr.o(.text) for OSTmrSignal
    os_cpu_c.o(.text) refers to os_cpu_a.o(.text) for OS_CPU_SR_Save
    os_cpu_c.o(.text) refers to os_core.o(.text) for OSTimeTick
    os_cpu_c.o(.text) refers to os_cpu_c.o(.bss) for OS_CPU_ExceptStk
    os_cpu_c.o(.text) refers to os_cpu_c.o(.data) for OS_CPU_ExceptStkBase
    os_cpu_c.o(.text) refers to os_task.o(.text) for OS_TaskReturn
    os_cpu_c.o(.text) refers to os_core.o(.data) for OSIntNesting
    os_cpu_c.o(.data) refers to os_cpu_c.o(.conststring) for .conststring
    os_dbg.o(.text) refers to os_dbg.o(.constdata) for OSDebugEn
    os_dbg.o(.text) refers to os_core.o(.bss) for OSTmrTbl
    os_flag.o(.text) refers to os_cpu_a.o(.text) for OS_CPU_SR_Save
    os_flag.o(.text) refers to os_core.o(.text) for OS_Sched
    os_flag.o(.text) refers to os_core.o(.data) for OSIntNesting
    os_flag.o(.text) refers to os_core.o(.bss) for OSFlagTbl
    os_mbox.o(.text) refers to os_cpu_a.o(.text) for OS_CPU_SR_Save
    os_mbox.o(.text) refers to os_core.o(.text) for OS_EventWaitListInit
    os_mbox.o(.text) refers to os_core.o(.data) for OSIntNesting
    os_mem.o(.text) refers to os_cpu_a.o(.text) for OS_CPU_SR_Save
    os_mem.o(.text) refers to os_core.o(.text) for OS_StrLen
    os_mem.o(.text) refers to os_core.o(.data) for OSMemFreeList
    os_mem.o(.text) refers to os_core.o(.bss) for OSMemTbl
    os_mutex.o(.text) refers to os_cpu_a.o(.text) for OS_CPU_SR_Save
    os_mutex.o(.text) refers to os_core.o(.text) for OS_EventWaitListInit
    os_mutex.o(.text) refers to os_core.o(.data) for OSIntNesting
    os_mutex.o(.text) refers to os_core.o(.bss) for OSTCBPrioTbl
    os_q.o(.text) refers to os_cpu_a.o(.text) for OS_CPU_SR_Save
    os_q.o(.text) refers to os_core.o(.text) for OS_EventWaitListInit
    os_q.o(.text) refers to os_core.o(.data) for OSIntNesting
    os_q.o(.text) refers to os_core.o(.bss) for OSQTbl
    os_sem.o(.text) refers to os_cpu_a.o(.text) for OS_CPU_SR_Save
    os_sem.o(.text) refers to os_core.o(.text) for OS_EventWaitListInit
    os_sem.o(.text) refers to os_core.o(.data) for OSIntNesting
    os_task.o(.text) refers to os_cpu_a.o(.text) for OS_CPU_SR_Save
    os_task.o(.text) refers to os_core.o(.text) for OS_Sched
    os_task.o(.text) refers to os_cpu_c.o(.text) for OSTaskStkInit
    os_task.o(.text) refers to os_flag.o(.text) for OS_FlagUnlink
[...]
    ../clib/printf_percent.s                 0x00000000   Number         0  _printf_c.o ABSOLUTE
    ../clib/printf_percent.s                 0x00000000   Number         0  _printf_percent.o ABSOLUTE
    ../clib/printf_percent.s                 0x00000000   Number         0  _printf_d.o ABSOLUTE
    ../clib/printf_percent.s                 0x00000000   Number         0  _printf_s.o ABSOLUTE
    ../clib/printf_percent.s                 0x00000000   Number         0  _printf_percent_end.o ABSOLUTE
    ../clib/signal.c                         0x00000000   Number         0  defsig_general.o ABSOLUTE
    ../clib/signal.c                         0x00000000   Number         0  __raise.o ABSOLUTE
    ../clib/signal.c                         0x00000000   Number         0  defsig_rtmem_inner.o ABSOLUTE
    ../clib/signal.c                         0x00000000   Number         0  defsig_exit.o ABSOLUTE
    ../clib/signal.c                         0x00000000   Number         0  defsig_rtred_inner.o ABSOLUTE
    ../clib/signal.c                         0x00000000   Number         0  defsig_rtmem_formal.o ABSOLUTE
    ../clib/signal.c                         0x00000000   Number         0  defsig_fpe_inner.o ABSOLUTE
    ../clib/signal.c                         0x00000000   Number         0  defsig_abrt_inner.o ABSOLUTE
    ../clib/signal.c                         0x00000000   Number         0  defsig_stak_inner.o ABSOLUTE
    ../clib/signal.c                         0x00000000   Number         0  defsig_pvfn_inner.o ABSOLUTE
    ../clib/signal.c                         0x00000000   Number         0  defsig_cppl_inner.o ABSOLUTE
    ../clib/signal.c                         0x00000000   Number         0  defsig_segv_inner.o ABSOLUTE
    ../clib/signal.c                         0x00000000   Number         0  defsig_other.o ABSOLUTE
    ../clib/signal.c                         0x00000000   Number         0  defsig_rtmem_outer.o ABSOLUTE
    ../clib/signal.s                         0x00000000   Number         0  defsig.o ABSOLUTE
    ../clib/stdlib.c                         0x00000000   Number         0  rand.o ABSOLUTE
    ../clib/stdlib.c                         0x00000000   Number         0  rand.o ABSOLUTE
    ../clib/stdlib.c                         0x00000000   Number         0  exit.o ABSOLUTE
    ../fplib/fpinit.s                        0x00000000   Number         0  fpinit.o ABSOLUTE
    GLCD_16bitIF_STM32F4xx.c                 0x00000000   Number         0  glcd_16bitif_stm32f4xx.o ABSOLUTE
    GLCD_16bitIF_STM32F4xx.c                 0x00000000   Number         0  glcd_16bitif_stm32f4xx.o ABSOLUTE
    I2C_STM32F4xx.c                          0x00000000   Number         0  i2c_stm32f4xx.o ABSOLUTE
    I2C_STM32F4xx.c                          0x00000000   Number         0  i2c_stm32f4xx.o ABSOLUTE
    JOY.c                                    0x00000000   Number         0  joy.o ABSOLUTE
    JOY.c                                    0x00000000   Number         0  joy.o ABSOLUTE
    LED.c                                    0x00000000   Number         0  led.o ABSOLUTE
    LED.c                                    0x00000000   Number         0  led.o ABSOLUTE
    dc.s                                     0x00000000   Number         0  dc.o ABSOLUTE
    gamemain.c                               0x00000000   Number         0  gamemain.o ABSOLUTE
    gamemain.c                               0x00000000   Number         0  gamemain.o ABSOLUTE
    os_core.c                                0x00000000   Number         0  os_core.o ABSOLUTE
    os_cpu_a.asm                             0x00000000   Number         0  os_cpu_a.o ABSOLUTE
    os_cpu_c.c                               0x00000000   Number         0  os_cpu_c.o ABSOLUTE
    os_cpu_c.c                               0x00000000   Number         0  os_cpu_c.o ABSOLUTE
    os_dbg.c                                 0x00000000   Number         0  os_dbg.o ABSOLUTE
    os_flag.c                                0x00000000   Number         0  os_flag.o ABSOLUTE
    os_mbox.c                                0x00000000   Number         0  os_mbox.o ABSOLUTE
    os_mem.c                                 0x00000000   Number         0  os_mem.o ABSOLUTE
    os_mutex.c                               0x00000000   Number         0  os_mutex.o ABSOLUTE
    os_q.c                                   0x00000000   Number         0  os_q.o ABSOLUTE
    os_sem.c                                 0x00000000   Number         0  os_sem.o ABSOLUTE
    os_task.c                                0x00000000   Number         0  os_task.o ABSOLUTE
    os_time.c                                0x00000000   Number         0  os_time.o ABSOLUTE
    os_tmr.c                                 0x00000000   Number         0  os_tmr.o ABSOLUTE
    startup_stm32f40_41xxx.s                 0x00000000   Number         0  startup_stm32f40_41xxx.o ABSOLUTE
    system_stm32f4xx.c                       0x00000000   Number         0  system_stm32f4xx.o ABSOLUTE
    system_stm32f4xx.c                       0x00000000   Number         0  system_stm32f4xx.o ABSOLUTE
    tetris.c                                 0x00000000   Number         0  tetris.o ABSOLUTE
    tetris.c                                 0x00000000   Number         0  tetris.o ABSOLUTE
    RESET                                    0x08000000   Section      392  startup_stm32f40_41xxx.o(RESET)
    !!!main                                  0x08000188   Section        8  __main.o(!!!main)
    !!!scatter                               0x08000190   Section       52  __scatter.o(!!!scatter)
    !!handler_copy                           0x080001c4   Section       26  __scatter_copy.o(!!handler_copy)
    !!handler_zi                             0x080001e0   Section       28  __scatter_zi.o(!!handler_zi)
    .ARM.Collect$$_printf_percent$$00000000  0x080001fc   Section        0  _printf_percent.o(.ARM.Collect$$_printf_percent$$00000000)
    .ARM.Collect$$_printf_percent$$00000009  0x080001fc   Section        6  _printf_d.o(.ARM.Collect$$_printf_percent$$00000009)
    .ARM.Collect$$_printf_percent$$00000013  0x08000202   Section        6  _printf_c.o(.ARM.Collect$$_printf_percent$$00000013)
    .ARM.Collect$$_printf_percent$$00000014  0x08000208   Section        6  _printf_s.o(.ARM.Collect$$_printf_percent$$00000014)
    .ARM.Collect$$_printf_percent$$00000017  0x0800020e   Section        4  _printf_percent_end.o(.ARM.Collect$$_printf_percent$$00000017)
    .ARM.Collect$$libinit$$00000000          0x08000212   Section        2  libinit.o(.ARM.Collect$$libinit$$00000000)
    .ARM.Collect$$libinit$$00000001          0x08000214   Section        4  libinit2.o(.ARM.Collect$$libinit$$00000001)
    .ARM.Collect$$libinit$$00000008          0x08000218   Section        0  libinit2.o(.ARM.Collect$$libinit$$00000008)
    .ARM.Collect$$libinit$$0000000A          0x08000218   Section        0  libinit2.o(.ARM.Collect$$libinit$$0000000A)
    .ARM.Collect$$libinit$$0000000B          0x08000218   Section        4  libinit2.o(.ARM.Collect$$libinit$$0000000B)
    .ARM.Collect$$libinit$$0000000C          0x0800021c   Section        0  libinit2.o(.ARM.Collect$$libinit$$0000000C)
    .ARM.Collect$$libinit$$0000000F          0x0800021c   Section        0  libinit2.o(.ARM.Collect$$libinit$$0000000F)
    .ARM.Collect$$libinit$$00000011          0x0800021c   Section        0  libinit2.o(.ARM.Collect$$libinit$$00000011)
    .ARM.Collect$$libinit$$00000013          0x0800021c   Section        0  libinit2.o(.ARM.Collect$$libinit$$00000013)
    .ARM.Collect$$libinit$$00000015          0x0800021c   Section        0  libinit2.o(.ARM.Collect$$libinit$$00000015)
    .ARM.Collect$$libinit$$00000017          0x0800021c   Section        0  libinit2.o(.ARM.Collect$$libinit$$00000017)
    .ARM.Collect$$libinit$$00000019          0x0800021c   Section        0  libinit2.o(.ARM.Collect$$libinit$$00000019)
    .ARM.Collect$$libinit$$0000001B          0x0800021c   Section        0  libinit2.o(.ARM.Collect$$libinit$$0000001B)
    .ARM.Collect$$libinit$$0000001D          0x0800021c   Section        0  libinit2.o(.ARM.Collect$$libinit$$0000001D)
    .ARM.Collect$$libinit$$0000001F          0x0800021c   Section        0  libinit2.o(.ARM.Collect$$libinit$$0000001F)
    .ARM.Collect$$libinit$$00000021          0x0800021c   Section        0  libinit2.o(.ARM.Collect$$libinit$$00000021)
    .ARM.Collect$$libinit$$00000023          0x0800021c   Section        0  libinit2.o(.ARM.Collect$$libinit$$00000023)
    .ARM.Collect$$libinit$$0000002A          0x0800021c   Section        0  libinit2.o(.ARM.Collect$$libinit$$0000002A)
    .ARM.Collect$$libinit$$0000002C          0x0800021c   Section        0  libinit2.o(.ARM.Collect$$libinit$$0000002C)
    .ARM.Collect$$libinit$$0000002E          0x0800021c   Section        0  libinit2.o(.ARM.Collect$$libinit$$0000002E)
    .ARM.Collect$$libinit$$00000030          0x0800021c   Section        0  libinit2.o(.ARM.Collect$$libinit$$00000030)
    .ARM.Collect$$libinit$$00000031          0x0800021c   Section        2  libinit2.o(.ARM.Collect$$libinit$$00000031)
    .ARM.Collect$$libshutdown$$00000000      0x0800021e   Section        2  libshutdown.o(.ARM.Collect$$libshutdown$$00000000)
    .ARM.Collect$$libshutdown$$00000003      0x08000220   Section        0  libshutdown2.o(.ARM.Collect$$libshutdown$$00000003)
    .ARM.Collect$$libshutdown$$00000006      0x08000220   Section        0  libshutdown2.o(.ARM.Collect$$libshutdown$$00000006)
    .ARM.Collect$$libshutdown$$00000009      0x08000220   Section        0  libshutdown2.o(.ARM.Collect$$libshutdown$$00000009)
    .ARM.Collect$$libshutdown$$0000000B      0x08000220   Section        0  libshutdown2.o(.ARM.Collect$$libshutdown$$0000000B)
    .ARM.Collect$$libshutdown$$0000000E      0x08000220   Section        0  libshutdown2.o(.ARM.Collect$$libshutdown$$0000000E)
    .ARM.Collect$$libshutdown$$0000000F      0x08000220   Section        2  libshutdown2.o(.ARM.Collect$$libshutdown$$0000000F)
    .ARM.Collect$$rtentry$$00000000          0x08000222   Section        0  rtentry.o(.ARM.Collect$$rtentry$$00000000)
    .ARM.Collect$$rtentry$$00000002          0x08000222   Section        0  rtentry2.o(.ARM.Collect$$rtentry$$00000002)
    .ARM.Collect$$rtentry$$00000004          0x08000222   Section        6  rtentry4.o(.ARM.Collect$$rtentry$$00000004)
    .ARM.Collect$$rtentry$$00000009          0x08000228   Section        0  rtentry2.o(.ARM.Collect$$rtentry$$00000009)
    .ARM.Collect$$rtentry$$0000000A          0x08000228   Section        4  rtentry2.o(.ARM.Collect$$rtentry$$0000000A)
    .ARM.Collect$$rtentry$$0000000C          0x0800022c   Section        0  rtentry2.o(.ARM.Collect$$rtentry$$0000000C)
    .ARM.Collect$$rtentry$$0000000D          0x0800022c   Section        8  rtentry2.o(.ARM.Collect$$rtentry$$0000000D)
    .ARM.Collect$$rtexit$$00000000           0x08000234   Section        2  rtexit.o(.ARM.Collect$$rtexit$$00000000)
    .ARM.Collect$$rtexit$$00000002           0x08000236   Section        0  rtexit2.o(.ARM.Collect$$rtexit$$00000002)
    .ARM.Collect$$rtexit$$00000003           0x08000236   Section        4  rtexit2.o(.ARM.Collect$$rtexit$$00000003)
    .ARM.Collect$$rtexit$$00000004           0x0800023a   Section        6  rtexit2.o(.ARM.Collect$$rtexit$$00000004)
    .emb_text                                0x08000240   Section       52  rand.o(.emb_text)
    .text                                    0x08000274   Section       64  startup_stm32f40_41xxx.o(.text)
    $v0                                      0x08000274   Number         0  startup_stm32f40_41xxx.o(.text)
    .text                                    0x080002b4   Section        0  os_core.o(.text)
    OS_SchedNew                              0x080003bb   Thumb Code    26  os_core.o(.text)
    OS_InitTaskStat                          0x0800082b   Thumb Code    52  os_core.o(.text)
    OS_InitTaskIdle                          0x08000881   Thumb Code    52  os_core.o(.text)
    OS_InitEventList                         0x080008c7   Thumb Code    84  os_core.o(.text)
    OS_InitTCBList                           0x0800091b   Thumb Code   106  os_core.o(.text)
    OS_InitRdyList                           0x08000985   Thumb Code    44  os_core.o(.text)
    OS_InitMisc                              0x080009b1   Thumb Code    48  os_core.o(.text)
    .text                                    0x08000fe8   Section        0  os_cpu_c.o(.text)
    .text                                    0x080012b8   Section        0  os_dbg.o(.text)
    .text                                    0x08001414   Section        0  os_flag.o(.text)
    OS_FlagTaskRdy                           0x0800158b   Thumb Code    98  os_flag.o(.text)
    OS_FlagBlock                             0x08001757   Thumb Code   152  os_flag.o(.text)
    .text                                    0x08001c38   Section        0  os_mem.o(.text)
    .text                                    0x08001e1c   Section        0  os_q.o(.text)
    .text                                    0x0800241c   Section        0  os_sem.o(.text)
    .text                                    0x080027c0   Section        0  os_task.o(.text)
    .text                                    0x08003034   Section        0  os_time.o(.text)
    .text                                    0x080031ec   Section        0  os_tmr.o(.text)
    OSTmr_Alloc                              0x080031ed   Thumb Code    50  os_tmr.o(.text)
    OSTmr_Free                               0x0800328b   Thumb Code    58  os_tmr.o(.text)
    OSTmr_Unlink                             0x080032c5   Thumb Code    68  os_tmr.o(.text)
    OSTmr_Link                               0x080034ef   Thumb Code   106  os_tmr.o(.text)
    OSTmr_Task                               0x080036b9   Thumb Code   120  os_tmr.o(.text)
    OSTmr_InitTask                           0x08003731   Thumb Code    50  os_tmr.o(.text)
    .text                                    0x08003878   Section        0  system_stm32f4xx.o(.text)
    SetSysClock                              0x08003879   Thumb Code   218  system_stm32f4xx.o(.text)
    .text                                    0x08003a84   Section      176  os_cpu_a.o(.text)
    $v0                                      0x08003a84   Number         0  os_cpu_a.o(.text)
    .text                                    0x08003b34   Section        0  gamemain.o(.text)
    TaskStart                                0x08003b35   Thumb Code    60  gamemain.o(.text)
    .text                                    0x08003bec   Section        0  glcd_16bitif_stm32f4xx.o(.text)
    delay                                    0x08003bed   Thumb Code    14  glcd_16bitif_stm32f4xx.o(.text)
    rd_reg                                   0x08003bfb   Thumb Code    20  glcd_16bitif_stm32f4xx.o(.text)
    wr_cmd                                   0x0800476d   Thumb Code     8  glcd_16bitif_stm32f4xx.o(.text)
    wr_dat                                   0x08004775   Thumb Code     8  glcd_16bitif_stm32f4xx.o(.text)
    wr_dat_only                              0x0800477d   Thumb Code     8  glcd_16bitif_stm32f4xx.o(.text)
    wr_reg                                   0x08004785   Thumb Code    20  glcd_16bitif_stm32f4xx.o(.text)
    .text                                    0x080047ac   Section        0  i2c_stm32f4xx.o(.text)
    Wait                                     0x080047ad   Thumb Code    16  i2c_stm32f4xx.o(.text)
    WaitFlagSet                              0x0800488d   Thumb Code    30  i2c_stm32f4xx.o(.text)
    WaitFlagClr                              0x080048ab   Thumb Code    30  i2c_stm32f4xx.o(.text)
    I2C_sr                                   0x08004d7d   Thumb Code    14  i2c_stm32f4xx.o(.text)
    .text                                    0x08004d90   Section        0  joy.o(.text)
    IOE_Write                                0x08004d91   Thumb Code    18  joy.o(.text)
    IOE_Read                                 0x08004dff   Thumb Code    20  joy.o(.text)
    .text                                    0x08004e78   Section        0  led.o(.text)
    .text                                    0x080050dc   Section        0  tetris.o(.text)
    .text                                    0x08006340   Section        0  noretval__2sprintf.o(.text)
    .text                                    0x08006368   Section        0  _printf_pad.o(.text)
    .text                                    0x080063ba   Section        0  _printf_str.o(.text)
    .text                                    0x0800640c   Section        0  _printf_dec.o(.text)
    .text                                    0x08006484   Section        0  __printf_wp.o(.text)
    .text                                    0x08006594   Section        0  rand.o(.text)
    .text                                    0x080065d0   Section        0  exit.o(.text)
    .text                                    0x080065dc   Section        0  heapauxi.o(.text)
    .text                                    0x080065e2   Section        0  _printf_intcommon.o(.text)
    .text                                    0x0800669c   Section        0  _printf_char_common.o(.text)
    _printf_input_char                       0x0800669d   Thumb Code    10  _printf_char_common.o(.text)
    .text                                    0x080066cc   Section        0  _sputc.o(.text)
    .text                                    0x080066d6   Section        0  _printf_char.o(.text)
    .text                                    0x08006704   Section        0  sys_exit.o(.text)
    .text                                    0x08006710   Section       74  sys_stackheap_outer.o(.text)
    .text                                    0x0800675c   Section        8  libspace.o(.text)
    .text                                    0x08006764   Section        2  use_no_semi.o(.text)
    .text                                    0x08006766   Section        0  indicate_semi.o(.text)
    i._is_digit                              0x08006766   Section        0  __printf_wp.o(i._is_digit)
    x$fpl$fpinit                             0x08006774   Section       10  fpinit.o(x$fpl$fpinit)
    $v0                                      0x08006774   Number         0  fpinit.o(x$fpl$fpinit)
    .constdata                               0x0800677e   Section      256  os_core.o(.constdata)
    .constdata                               0x08006880   Section      116  os_dbg.o(.constdata)
    .constdata                               0x080068f4   Section     6560  glcd_16bitif_stm32f4xx.o(.constdata)
    .constdata                               0x08008294   Section       32  led.o(.constdata)
    .conststring                             0x080082b4   Section        4  os_cpu_c.o(.conststring)
    .conststring                             0x080082b8   Section       12  tetris.o(.conststring)
    .data                                    0x20000000   Section      100  os_core.o(.data)
    .data                                    0x20000064   Section       14  os_cpu_c.o(.data)
    flag                                     0x20000068   Data           4  os_cpu_c.o(.data)
    OSTmrCtr                                 0x20000070   Data           2  os_cpu_c.o(.data)
    .data                                    0x20000074   Section       20  system_stm32f4xx.o(.data)
    .data                                    0x20000088   Section        8  gamemain.o(.data)
    .data                                    0x20000090   Section        9  glcd_16bitif_stm32f4xx.o(.data)
    Color                                    0x20000090   Data           4  glcd_16bitif_stm32f4xx.o(.data)
    y                                        0x20000094   Data           4  glcd_16bitif_stm32f4xx.o(.data)
    Himax                                    0x20000098   Data           1  glcd_16bitif_stm32f4xx.o(.data)
    .data                                    0x2000009c   Section      124  tetris.o(.data)
    tamperbut1                               0x200000dc   Data           4  tetris.o(.data)
    wakeupbut                                0x200000e0   Data           4  tetris.o(.data)
    userbut                                  0x200000e4   Data           4  tetris.o(.data)
    tamperbut                                0x200000e8   Data           4  tetris.o(.data)
    joy_left_state                           0x200000ec   Data           4  tetris.o(.data)
    joy_left_count                           0x200000f0   Data           4  tetris.o(.data)
    joy_right_state                          0x200000f4   Data           4  tetris.o(.data)
    joy_right_count                          0x200000f8   Data           4  tetris.o(.data)
    joy_up_state                             0x200000fc   Data           4  tetris.o(.data)
    joy_up_count                             0x20000100   Data           4  tetris.o(.data)
    joy_down_state                           0x20000104   Data           4  tetris.o(.data)
    joy_down_count                           0x20000108   Data           4  tetris.o(.data)
    tamperbut1                               0x2000010c   Data           4  tetris.o(.data)
    .bss                                     0x20000118   Section     4864  os_core.o(.bss)
    .bss                                     0x20001418   Section      568  os_cpu_c.o(.bss)
    .bss                                     0x20001650   Section    10240  gamemain.o(.bss)
    TaskStartStk                             0x20003650   Data        2048  gamemain.o(.bss)
    .bss                                     0x20003e50   Section      518  tetris.o(.bss)
    .bss                                     0x20004058   Section      228  rand.o(.bss)
    .bss                                     0x2000413c   Section       96  libspace.o(.bss)
    HEAP                                     0x200041a0   Section      512  startup_stm32f40_41xxx.o(HEAP)
    Heap_Mem                                 0x200041a0   Data         512  startup_stm32f40_41xxx.o(HEAP)
    STACK                                    0x200043a0   Section     1024  startup_stm32f40_41xxx.o(STACK)
    Stack_Mem                                0x200043a0   Data        1024  startup_stm32f40_41xxx.o(STACK)
    __initial_sp                             0x200047a0   Data           0  startup_stm32f40_41xxx.o(STACK)

    Global Symbols

    Symbol Name                              Value     Ov Type        Size  Object(Section)

    BuildAttributes$$THM_ISAv4$E$P$D$K$B$S$7EM$VFPi3$EXTD16$VFPS$VFMA$PE$A:L22UL41UL21$X:L11$S22US41US21$IEEE1$IW$USESV6$~STKCKD$USESV7$~SHL$OSPACE$ROPI$EBA8$UX$STANDARDLIB$REQ8$PRES8$EABIv2 0x00000000   Number         0  anon$$obj.o ABSOLUTE
    __ARM_use_no_argv                        0x00000000   Number         0  gamemain.o ABSOLUTE
    _printf_flags                            0x00000000   Number         0  printf_stubs.o ABSOLUTE
    _printf_return_value                     0x00000000   Number         0  printf_stubs.o ABSOLUTE
    _printf_sizespec                         0x00000000   Number         0  printf_stubs.o ABSOLUTE
    _printf_widthprec                        0x00000000   Number         0  printf_stubs.o ABSOLUTE
    __ARM_exceptions_init                     - Undefined Weak Reference
    __alloca_initialize                       - Undefined Weak Reference
    __cpp_initialize__aeabi_                  - Undefined Weak Reference
    __cxa_finalize                            - Undefined Weak Reference
    __rt_locale                               - Undefined Weak Reference
    __sigvec_lookup                           - Undefined Weak Reference
    _atexit_init                              - Undefined Weak Reference
    _call_atexit_fns                          - Undefined Weak Reference
    _clock_init                               - Undefined Weak Reference
    _fp_trap_init                             - Undefined Weak Reference
    _fp_trap_shutdown                         - Undefined Weak Reference
    _get_lc_collate                           - Undefined Weak Reference
    _get_lc_ctype                             - Undefined Weak Reference
    _get_lc_monetary                          - Undefined Weak Reference
    _get_lc_numeric                           - Undefined Weak Reference
    _get_lc_time                              - Undefined Weak Reference
    _getenv_init                              - Undefined Weak Reference
    _handle_redirection                       - Undefined Weak Reference
    _init_alloc                               - Undefined Weak Reference
    _init_user_alloc                          - Undefined Weak Reference
    _initio                                   - Undefined Weak Reference
    _printf_mbtowc                            - Undefined Weak Reference
    _printf_truncate_signed                   - Undefined Weak Reference
    _printf_truncate_unsigned                 - Undefined Weak Reference
    _signal_finish                            - Undefined Weak Reference
    _signal_init                              - Undefined Weak Reference
    _terminate_alloc                          - Undefined Weak Reference
    _terminate_user_alloc                     - Undefined Weak Reference
    _terminateio                              - Undefined Weak Reference
    __Vectors_Size                           0x00000188   Number         0  startup_stm32f40_41xxx.o ABSOLUTE
    __Vectors                                0x08000000   Data           4  startup_stm32f40_41xxx.o(RESET)
    __Vectors_End                            0x08000188   Data           0  startup_stm32f40_41xxx.o(RESET)
    __main                                   0x08000189   Thumb Code     8  __main.o(!!!main)
    __scatterload                            0x08000191   Thumb Code     0  __scatter.o(!!!scatter)
    __scatterload_rt2                        0x08000191   Thumb Code    44  __scatter.o(!!!scatter)
    __scatterload_rt2_thumb_only             0x08000191   Thumb Code     0  __scatter.o(!!!scatter)
    __scatterload_null                       0x0800019f   Thumb Code     0  __scatter.o(!!!scatter)
    __scatterload_copy                       0x080001c5   Thumb Code    26  __scatter_copy.o(!!handler_copy)
    __scatterload_zeroinit                   0x080001e1   Thumb Code    28  __scatter_zi.o(!!handler_zi)
    _printf_d                                0x080001fd   Thumb Code     0  _printf_d.o(.ARM.Collect$$_printf_percent$$00000009)
    _printf_percent                          0x080001fd   Thumb Code     0  _printf_percent.o(.ARM.Collect$$_printf_percent$$00000000)
    _printf_c                                0x08000203   Thumb Code     0  _printf_c.o(.ARM.Collect$$_printf_percent$$00000013)
    _printf_s                                0x08000209   Thumb Code     0  _printf_s.o(.ARM.Collect$$_printf_percent$$00000014)
    _printf_percent_end                      0x0800020f   Thumb Code     0  _printf_percent_end.o(.ARM.Collect$$_printf_percent$$00000017)
    __rt_lib_init                            0x08000213   Thumb Code     0  libinit.o(.ARM.Collect$$libinit$$00000000)
    __rt_lib_init_fp_1                       0x08000215   Thumb Code     0  libinit2.o(.ARM.Collect$$libinit$$00000001)
    __rt_lib_init_heap_1                     0x08000219   Thumb Code     0  libinit2.o(.ARM.Collect$$libinit$$00000008)
    __rt_lib_init_rand_2                     0x08000219   Thumb Code     0  libinit2.o(.ARM.Collect$$libinit$$0000000B)
    __rt_lib_init_user_alloc_1               0x08000219   Thumb Code     0  libinit2.o(.ARM.Collect$$libinit$$0000000A)
    __rt_lib_init_alloca_1                   0x0800021d   Thumb Code     0  libinit2.o(.ARM.Collect$$libinit$$0000002C)
    __rt_lib_init_argv_1                     0x0800021d   Thumb Code     0  libinit2.o(.ARM.Collect$$libinit$$0000002A)
    __rt_lib_init_atexit_1                   0x0800021d   Thumb Code     0  libinit2.o(.ARM.Collect$$libinit$$00000019)
    __rt_lib_init_clock_1                    0x0800021d   Thumb Code     0  libinit2.o(.ARM.Collect$$libinit$$0000001F)
    __rt_lib_init_cpp_1                      0x0800021d   Thumb Code     0  libinit2.o(.ARM.Collect$$libinit$$00000030)
    __rt_lib_init_exceptions_1               0x0800021d   Thumb Code     0  libinit2.o(.ARM.Collect$$libinit$$0000002E)
    __rt_lib_init_fp_trap_1                  0x0800021d   Thumb Code     0  libinit2.o(.ARM.Collect$$libinit$$0000001D)
    __rt_lib_init_getenv_1                   0x0800021d   Thumb Code     0  libinit2.o(.ARM.Collect$$libinit$$00000021)
    __rt_lib_init_lc_collate_1               0x0800021d   Thumb Code     0  libinit2.o(.ARM.Collect$$libinit$$0000000F)
    __rt_lib_init_lc_ctype_1                 0x0800021d   Thumb Code     0  libinit2.o(.ARM.Collect$$libinit$$00000011)
    __rt_lib_init_lc_monetary_1              0x0800021d   Thumb Code     0  libinit2.o(.ARM.Collect$$libinit$$00000013)
    __rt_lib_init_lc_numeric_1               0x0800021d   Thumb Code     0  libinit2.o(.ARM.Collect$$libinit$$00000015)
    __rt_lib_init_lc_time_1                  0x0800021d   Thumb Code     0  libinit2.o(.ARM.Collect$$libinit$$00000017)
    __rt_lib_init_rand_1                     0x0800021d   Thumb Code     0  libinit2.o(.ARM.Collect$$libinit$$0000000C)
    __rt_lib_init_return                     0x0800021d   Thumb Code     0  libinit2.o(.ARM.Collect$$libinit$$00000031)
    __rt_lib_init_signal_1                   0x0800021d   Thumb Code     0  libinit2.o(.ARM.Collect$$libinit$$0000001B)
    __rt_lib_init_stdio_1                    0x0800021d   Thumb Code     0  libinit2.o(.ARM.Collect$$libinit$$00000023)
    __rt_lib_shutdown                        0x0800021f   Thumb Code     0  libshutdown.o(.ARM.Collect$$libshutdown$$00000000)
    __rt_lib_shutdown_fp_trap_1              0x08000221   Thumb Code     0  libshutdown2.o(.ARM.Collect$$libshutdown$$00000006)
    __rt_lib_shutdown_heap_1                 0x08000221   Thumb Code     0  libshutdown2.o(.ARM.Collect$$libshutdown$$0000000E)
    __rt_lib_shutdown_return                 0x08000221   Thumb Code     0  libshutdown2.o(.ARM.Collect$$libshutdown$$0000000F)
    __rt_lib_shutdown_signal_1               0x08000221   Thumb Code     0  libshutdown2.o(.ARM.Collect$$libshutdown$$00000009)
    __rt_lib_shutdown_stdio_1                0x08000221   Thumb Code     0  libshutdown2.o(.ARM.Collect$$libshutdown$$00000003)
    __rt_lib_shutdown_user_alloc_1           0x08000221   Thumb Code     0  libshutdown2.o(.ARM.Collect$$libshutdown$$0000000B)
    __rt_entry                               0x08000223   Thumb Code     0  rtentry.o(.ARM.Collect$$rtentry$$00000000)
    __rt_entry_presh_1                       0x08000223   Thumb Code     0  rtentry2.o(.ARM.Collect$$rtentry$$00000002)
    __rt_entry_sh                            0x08000223   Thumb Code     0  rtentry4.o(.ARM.Collect$$rtentry$$00000004)
    __rt_entry_li                            0x08000229   Thumb Code     0  rtentry2.o(.ARM.Collect$$rtentry$$0000000A)
    __rt_entry_postsh_1                      0x08000229   Thumb Code     0  rtentry2.o(.ARM.Collect$$rtentry$$00000009)
    __rt_entry_main                          0x0800022d   Thumb Code     0  rtentry2.o(.ARM.Collect$$rtentry$$0000000D)
    __rt_entry_postli_1                      0x0800022d   Thumb Code     0  rtentry2.o(.ARM.Collect$$rtentry$$0000000C)
    __rt_exit                                0x08000235   Thumb Code     0  rtexit.o(.ARM.Collect$$rtexit$$00000000)
    __rt_exit_ls                             0x08000237   Thumb Code     0  rtexit2.o(.ARM.Collect$$rtexit$$00000003)
    __rt_exit_prels_1                        0x08000237   Thumb Code     0  rtexit2.o(.ARM.Collect$$rtexit$$00000002)
    __rt_exit_exit                           0x0800023b   Thumb Code     0  rtexit2.o(.ARM.Collect$$rtexit$$00000004)
    rand                                     0x08000241   Thumb Code    48  rand.o(.emb_text)
    Reset_Handler                            0x08000275   Thumb Code     8  startup_stm32f40_41xxx.o(.text)
    NMI_Handler                              0x0800027d   Thumb Code     2  startup_stm32f40_41xxx.o(.text)
    HardFault_Handler                        0x0800027f   Thumb Code     2  startup_stm32f40_41xxx.o(.text)
    MemManage_Handler                        0x08000281   Thumb Code     2  startup_stm32f40_41xxx.o(.text)
    BusFault_Handler                         0x08000283   Thumb Code     2  startup_stm32f40_41xxx.o(.text)
    UsageFault_Handler                       0x08000285   Thumb Code     2  startup_stm32f40_41xxx.o(.text)
    SVC_Handler                              0x08000287   Thumb Code     2  startup_stm32f40_41xxx.o(.text)
    DebugMon_Handler                         0x08000289   Thumb Code     2  startup_stm32f40_41xxx.o(.text)
    PendSV_Handler                           0x0800028b   Thumb Code     2  startup_stm32f40_41xxx.o(.text)
    SysTick_Handler                          0x0800028d   Thumb Code     2  startup_stm32f40_41xxx.o(.text)
    ADC_IRQHandler                           0x0800028f   Thumb Code     0  startup_stm32f40_41xxx.o(.text)
    CAN1_RX0_IRQHandler                      0x0800028f   Thumb Code     0  startup_stm32f40_41xxx.o(.text)
    CAN1_RX1_IRQHandler                      0x0800028f   Thumb Code     0  startup_stm32f40_41xxx.o(.text)
    CAN1_SCE_IRQHandler                      0x0800028f   Thumb Code     0  startup_stm32f40_41xxx.o(.text)
    CAN1_TX_IRQHandler                       0x0800028f   Thumb Code     0  startup_stm32f40_41xxx.o(.text)
    CAN2_RX0_IRQHandler                      0x0800028f   Thumb Code     0  startup_stm32f40_41xxx.o(.text)
    CAN2_RX1_IRQHandler                      0x0800028f   Thumb Code     0  startup_stm32f40_41xxx.o(.text)
    CAN2_SCE_IRQHandler                      0x0800028f   Thumb Code     0  startup_stm32f40_41xxx.o(.text)
    CAN2_TX_IRQHandler                       0x0800028f   Thumb Code     0  startup_stm32f40_41xxx.o(.text)
    CRYP_IRQHandler                          0x0800028f   Thumb Code     0  startup_stm32f40_41xxx.o(.text)
    DCMI_IRQHandler                          0x0800028f   Thumb Code     0  startup_stm32f40_41xxx.o(.text)
    DMA1_Stream0_IRQHandler                  0x0800028f   Thumb Code     0  startup_stm32f40_41xxx.o(.text)
    DMA1_Stream1_IRQHandler                  0x0800028f   Thumb Code     0  startup_stm32f40_41xxx.o(.text)
    DMA1_Stream2_IRQHandler                  0x0800028f   Thumb Code     0  startup_stm32f40_41xxx.o(.text)
    DMA1_Stream3_IRQHandler                  0x0800028f   Thumb Code     0  startup_stm32f40_41xxx.o(.text)
    DMA1_Stream4_IRQHandler                  0x0800028f   Thumb Code     0  startup_stm32f40_41xxx.o(.text)
    DMA1_Stream5_IRQHandler                  0x0800028f   Thumb Code     0  startup_stm32f40_41xxx.o(.text)
    DMA1_Stream6_IRQHandler                  0x0800028f   Thumb Code     0  startup_stm32f40_41xxx.o(.text)
    DMA1_Stream7_IRQHandler                  0x0800028f   Thumb Code     0  startup_stm32f40_41xxx.o(.text)
    DMA2_Stream0_IRQHandler                  0x0800028f   Thumb Code     0  startup_stm32f40_41xxx.o(.text)
    DMA2_Stream1_IRQHandler                  0x0800028f   Thumb Code     0  startup_stm32f40_41xxx.o(.text)
    DMA2_Stream2_IRQHandler                  0x0800028f   Thumb Code     0  startup_stm32f40_41xxx.o(.text)
    DMA2_Stream3_IRQHandler                  0x0800028f   Thumb Code     0  startup_stm32f40_41xxx.o(.text)
    DMA2_Stream4_IRQHandler                  0x0800028f   Thumb Code     0  startup_stm32f40_41xxx.o(.text)
    DMA2_Stream5_IRQHandler                  0x0800028f   Thumb Code     0  startup_stm32f40_41xxx.o(.text)
    DMA2_Stream6_IRQHandler                  0x0800028f   Thumb Code     0  startup_stm32f40_41xxx.o(.text)
    DMA2_Stream7_IRQHandler                  0x0800028f   Thumb Code     0  startup_stm32f40_41xxx.o(.text)
    ETH_IRQHandler                           0x0800028f   Thumb Code     0  startup_stm32f40_41xxx.o(.text)
    ETH_WKUP_IRQHandler                      0x0800028f   Thumb Code     0  startup_stm32f40_41xxx.o(.text)
    EXTI0_IRQHandler                         0x0800028f   Thumb Code     0  startup_stm32f40_41xxx.o(.text)
    EXTI15_10_IRQHandler                     0x0800028f   Thumb Code     0  startup_stm32f40_41xxx.o(.text)
    EXTI1_IRQHandler                         0x0800028f   Thumb Code     0  startup_stm32f40_41xxx.o(.text)
    EXTI2_IRQHandler                         0x0800028f   Thumb Code     0  startup_stm32f40_41xxx.o(.text)
    EXTI3_IRQHandler                         0x0800028f   Thumb Code     0  startup_stm32f40_41xxx.o(.text)
    EXTI4_IRQHandler                         0x0800028f   Thumb Code     0  startup_stm32f40_41xxx.o(.text)
    EXTI9_5_IRQHandler                       0x0800028f   Thumb Code     0  startup_stm32f40_41xxx.o(.text)
    FLASH_IRQHandler                         0x0800028f   Thumb Code     0  startup_stm32f40_41xxx.o(.text)
    FPU_IRQHandler                           0x0800028f   Thumb Code     0  startup_stm32f40_41xxx.o(.text)
    FSMC_IRQHandler                          0x0800028f   Thumb Code     0  startup_stm32f40_41xxx.o(.text)
    HASH_RNG_IRQHandler                      0x0800028f   Thumb Code     0  startup_stm32f40_41xxx.o(.text)
    I2C1_ER_IRQHandler                       0x0800028f   Thumb Code     0  startup_stm32f40_41xxx.o(.text)
    I2C1_EV_IRQHandler                       0x0800028f   Thumb Code     0  startup_stm32f40_41xxx.o(.text)
    I2C2_ER_IRQHandler                       0x0800028f   Thumb Code     0  startup_stm32f40_41xxx.o(.text)
    I2C2_EV_IRQHandler                       0x0800028f   Thumb Code     0  startup_stm32f40_41xxx.o(.text)
    I2C3_ER_IRQHandler                       0x0800028f   Thumb Code     0  startup_stm32f40_41xxx.o(.text)
    I2C3_EV_IRQHandler                       0x0800028f   Thumb Code     0  startup_stm32f40_41xxx.o(.text)
    OTG_FS_IRQHandler                        0x0800028f   Thumb Code     0  startup_stm32f40_41xxx.o(.text)
    OTG_FS_WKUP_IRQHandler                   0x0800028f   Thumb Code     0  startup_stm32f40_41xxx.o(.text)
    OTG_HS_EP1_IN_IRQHandler                 0x0800028f   Thumb Code     0  startup_stm32f40_41xxx.o(.text)
    OTG_HS_EP1_OUT_IRQHandler                0x0800028f   Thumb Code     0  startup_stm32f40_41xxx.o(.text)
    OTG_HS_IRQHandler                        0x0800028f   Thumb Code     0  startup_stm32f40_41xxx.o(.text)
    OTG_HS_WKUP_IRQHandler                   0x0800028f   Thumb Code     0  startup_stm32f40_41xxx.o(.text)
    PVD_IRQHandler                           0x0800028f   Thumb Code     0  startup_stm32f40_41xxx.o(.text)
    RCC_IRQHandler                           0x0800028f   Thumb Code     0  startup_stm32f40_41xxx.o(.text)
    RTC_Alarm_IRQHandler                     0x0800028f   Thumb Code     0  startup_stm32f40_41xxx.o(.text)
    RTC_WKUP_IRQHandler                      0x0800028f   Thumb Code     0  startup_stm32f40_41xxx.o(.text)
    SDIO_IRQHandler                          0x0800028f   Thumb Code     0  startup_stm32f40_41xxx.o(.text)
    SPI1_IRQHandler                          0x0800028f   Thumb Code     0  startup_stm32f40_41xxx.o(.text)
    SPI2_IRQHandler                          0x0800028f   Thumb Code     0  startup_stm32f40_41xxx.o(.text)
    SPI3_IRQHandler                          0x0800028f   Thumb Code     0  startup_stm32f40_41xxx.o(.text)
    TAMP_STAMP_IRQHandler                    0x0800028f   Thumb Code     0  startup_stm32f40_41xxx.o(.text)
    TIM1_BRK_TIM9_IRQHandler                 0x0800028f   Thumb Code     0  startup_stm32f40_41xxx.o(.text)
    TIM1_CC_IRQHandler                       0x0800028f   Thumb Code     0  startup_stm32f40_41xxx.o(.text)
    TIM1_TRG_COM_TIM11_IRQHandler            0x0800028f   Thumb Code     0  startup_stm32f40_41xxx.o(.text)
    TIM1_UP_TIM10_IRQHandler                 0x0800028f   Thumb Code     0  startup_stm32f40_41xxx.o(.text)
    TIM2_IRQHandler                          0x0800028f   Thumb Code     0  startup_stm32f40_41xxx.o(.text)
    TIM3_IRQHandler                          0x0800028f   Thumb Code     0  startup_stm32f40_41xxx.o(.text)
    TIM4_IRQHandler                          0x0800028f   Thumb Code     0  startup_stm32f40_41xxx.o(.text)
    TIM5_IRQHandler                          0x0800028f   Thumb Code     0  startup_stm32f40_41xxx.o(.text)
    TIM6_DAC_IRQHandler                      0x0800028f   Thumb Code     0  startup_stm32f40_41xxx.o(.text)
    TIM7_IRQHandler                          0x0800028f   Thumb Code     0  startup_stm32f40_41xxx.o(.text)
    TIM8_BRK_TIM12_IRQHandler                0x0800028f   Thumb Code     0  startup_stm32f40_41xxx.o(.text)
    TIM8_CC_IRQHandler                       0x0800028f   Thumb Code     0  startup_stm32f40_41xxx.o(.text)
    TIM8_TRG_COM_TIM14_IRQHandler            0x0800028f   Thumb Code     0  startup_stm32f40_41xxx.o(.text)
    TIM8_UP_TIM13_IRQHandler                 0x0800028f   Thumb Code     0  startup_stm32f40_41xxx.o(.text)
    UART4_IRQHandler                         0x0800028f   Thumb Code     0  startup_stm32f40_41xxx.o(.text)
    UART5_IRQHandler                         0x0800028f   Thumb Code     0  startup_stm32f40_41xxx.o(.text)
    USART1_IRQHandler                        0x0800028f   Thumb Code     0  startup_stm32f40_41xxx.o(.text)
    USART2_IRQHandler                        0x0800028f   Thumb Code     0  startup_stm32f40_41xxx.o(.text)
    USART3_IRQHandler                        0x0800028f   Thumb Code     0  startup_stm32f40_41xxx.o(.text)
    USART6_IRQHandler                        0x0800028f   Thumb Code     0  startup_stm32f40_41xxx.o(.text)
    WWDG_IRQHandler                          0x0800028f   Thumb Code     0  startup_stm32f40_41xxx.o(.text)
    __user_initial_stackheap                 0x08000291   Thumb Code     0  startup_stm32f40_41xxx.o(.text)
    OS_StrLen                                0x080002b5   Thumb Code    20  os_core.o(.text)
    OSEventNameGet                           0x080002c9   Thumb Code    98  os_core.o(.text)
    OSEventNameSet                           0x0800032b   Thumb Code    84  os_core.o(.text)
    OS_EventTaskRemoveMulti                  0x0800037f   Thumb Code    60  os_core.o(.text)
    OS_Sched                                 0x080003d5   Thumb Code    88  os_core.o(.text)
    OS_EventTaskWaitMulti                    0x0800042d   Thumb Code   136  os_core.o(.text)
    OSEventPendMulti                         0x080004b5   Thumb Code   692  os_core.o(.text)
    OS_TaskStatStkChk                        0x08000769   Thumb Code    54  os_core.o(.text)
    OS_TaskStat                              0x0800079f   Thumb Code   140  os_core.o(.text)
    OS_TaskIdle                              0x0800085f   Thumb Code    34  os_core.o(.text)
    OS_MemClr                                0x080008b5   Thumb Code    18  os_core.o(.text)
    OSInit                                   0x080009e1   Thumb Code    56  os_core.o(.text)
    OSIntEnter                               0x08000a19   Thumb Code    28  os_core.o(.text)
    OSIntExit                                0x08000a35   Thumb Code   112  os_core.o(.text)
    OSSchedLock                              0x08000aa5   Thumb Code   200  os_core.o(.text)
    OSSchedUnlock                            0x08000b6d   Thumb Code    82  os_core.o(.text)
    OSStart                                  0x08000bbf   Thumb Code    48  os_core.o(.text)
    OSStatInit                               0x08000bef   Thumb Code    62  os_core.o(.text)
    OSTimeTick                               0x08000c2d   Thumb Code   218  os_core.o(.text)
    OSVersion                                0x08000d07   Thumb Code     6  os_core.o(.text)
    OS_Dummy                                 0x08000d0d   Thumb Code     2  os_core.o(.text)
    OS_EventTaskRemove                       0x08000d0f   Thumb Code    46  os_core.o(.text)
    OS_EventTaskRdy                          0x08000d3d   Thumb Code   132  os_core.o(.text)
    OS_EventTaskWait                         0x08000dc1   Thumb Code   112  os_core.o(.text)
    OS_EventWaitListInit                     0x08000e31   Thumb Code    28  os_core.o(.text)
    OS_MemCopy                               0x08000e4d   Thumb Code    20  os_core.o(.text)
    OS_TCBInit                               0x08000e61   Thumb Code   382  os_core.o(.text)
    OSInitHookBegin                          0x08000fe9   Thumb Code    40  os_cpu_c.o(.text)
    OSInitHookEnd                            0x08001011   Thumb Code     2  os_cpu_c.o(.text)
    OSTaskCreateHook                         0x08001013   Thumb Code     2  os_cpu_c.o(.text)
    OSTaskDelHook                            0x08001015   Thumb Code     2  os_cpu_c.o(.text)
    OSTaskIdleHook                           0x08001017   Thumb Code     2  os_cpu_c.o(.text)
    OSTaskReturnHook                         0x08001019   Thumb Code     2  os_cpu_c.o(.text)
    OSTaskStatHook                           0x0800101b   Thumb Code     2  os_cpu_c.o(.text)
    OSTaskStkInit                            0x0800101d   Thumb Code   160  os_cpu_c.o(.text)
    OSTaskSwHook                             0x080010bd   Thumb Code     2  os_cpu_c.o(.text)
    OSTCBInitHook                            0x080010bf   Thumb Code     2  os_cpu_c.o(.text)
    EraseEnemyBulletLv2                      0x080010c1   Thumb Code    18  os_cpu_c.o(.text)
    DrawEnemyBulletLv2                       0x080010d3   Thumb Code    26  os_cpu_c.o(.text)
    moveEnemyBulletlv2                       0x080010ed   Thumb Code    82  os_cpu_c.o(.text)
    OSTimeTickHook                           0x0800113f   Thumb Code   226  os_cpu_c.o(.text)
    OS_CPU_SysTickHandler                    0x08001221   Thumb Code    34  os_cpu_c.o(.text)
    OS_CPU_SysTickInit                       0x08001243   Thumb Code    60  os_cpu_c.o(.text)
    OSDebugInit                              0x080012b9   Thumb Code   118  os_dbg.o(.text)
    OSFlagAccept                             0x08001415   Thumb Code   252  os_flag.o(.text)
    OSFlagCreate                             0x08001511   Thumb Code    86  os_flag.o(.text)
    OS_FlagUnlink                            0x08001567   Thumb Code    36  os_flag.o(.text)
    OSFlagDel                                0x080015ed   Thumb Code   216  os_flag.o(.text)
    OSFlagNameGet                            0x080016c5   Thumb Code    80  os_flag.o(.text)
    OSFlagNameSet                            0x08001715   Thumb Code    66  os_flag.o(.text)
    OSFlagPend                               0x080017ef   Thumb Code   614  os_flag.o(.text)
    OSFlagPendGetFlagsRdy                    0x08001a55   Thumb Code    26  os_flag.o(.text)
    OSFlagPost                               0x08001a6f   Thumb Code   320  os_flag.o(.text)
    OSFlagQuery                              0x08001baf   Thumb Code    48  os_flag.o(.text)
    OS_FlagInit                              0x08001bdf   Thumb Code    78  os_flag.o(.text)
    OSMemCreate                              0x08001c39   Thumb Code   118  os_mem.o(.text)
    OSMemGet                                 0x08001caf   Thumb Code    62  os_mem.o(.text)
    OSMemNameGet                             0x08001ced   Thumb Code    60  os_mem.o(.text)
    OSMemNameSet                             0x08001d29   Thumb Code    48  os_mem.o(.text)
    OSMemPut                                 0x08001d59   Thumb Code    54  os_mem.o(.text)
    OSMemQuery                               0x08001d8f   Thumb Code    52  os_mem.o(.text)
    OS_MemInit                               0x08001dc3   Thumb Code    74  os_mem.o(.text)
    OSQAccept                                0x08001e1d   Thumb Code    88  os_q.o(.text)
    OSQCreate                                0x08001e75   Thumb Code   144  os_q.o(.text)
    OSQDel                                   0x08001f05   Thumb Code   244  os_q.o(.text)
    OSQFlush                                 0x08001ff9   Thumb Code    36  os_q.o(.text)
    OSQPend                                  0x0800201d   Thumb Code   278  os_q.o(.text)
    OSQPendAbort                             0x08002133   Thumb Code   128  os_q.o(.text)
    OSQPost                                  0x080021b3   Thumb Code   114  os_q.o(.text)
    OSQPostFront                             0x08002225   Thumb Code   142  os_q.o(.text)
    OSQPostOpt                               0x080022b3   Thumb Code   182  os_q.o(.text)
    OSQQuery                                 0x08002369   Thumb Code    98  os_q.o(.text)
    OS_QInit                                 0x080023cb   Thumb Code    72  os_q.o(.text)
    OSSemAccept                              0x0800241d   Thumb Code    42  os_sem.o(.text)
    OSSemCreate                              0x08002447   Thumb Code    72  os_sem.o(.text)
    OSSemDel                                 0x0800248f   Thumb Code   210  os_sem.o(.text)
    OSSemPend                                0x08002561   Thumb Code   228  os_sem.o(.text)
    OSSemPendAbort                           0x08002645   Thumb Code   128  os_sem.o(.text)
    OSSemPost                                0x080026c5   Thumb Code    88  os_sem.o(.text)
    OSSemQuery                               0x0800271d   Thumb Code    76  os_sem.o(.text)
    OSSemSet                                 0x08002769   Thumb Code    66  os_sem.o(.text)
    OSTaskChangePrio                         0x080027c1   Thumb Code   396  os_task.o(.text)
    OSTaskCreate                             0x0800294d   Thumb Code   148  os_task.o(.text)
    OS_TaskStkClr                            0x080029e1   Thumb Code    26  os_task.o(.text)
    OSTaskCreateExt                          0x080029fb   Thumb Code   170  os_task.o(.text)
    OSTaskDel                                0x08002aa5   Thumb Code   352  os_task.o(.text)
    OSTaskDelReq                             0x08002c05   Thumb Code   100  os_task.o(.text)
    OSTaskNameGet                            0x08002c69   Thumb Code   114  os_task.o(.text)
    OSTaskNameSet                            0x08002cdb   Thumb Code    98  os_task.o(.text)
    OSTaskResume                             0x08002d3d   Thumb Code   164  os_task.o(.text)
    OSTaskStkChk                             0x08002de1   Thumb Code   128  os_task.o(.text)
    OSTaskSuspend                            0x08002e61   Thumb Code   152  os_task.o(.text)
    OSTaskQuery                              0x08002ef9   Thumb Code    82  os_task.o(.text)
    OSTaskRegGet                             0x08002f4b   Thumb Code    60  os_task.o(.text)
    OSTaskRegGetID                           0x08002f87   Thumb Code    58  os_task.o(.text)
    OSTaskRegSet                             0x08002fc1   Thumb Code    92  os_task.o(.text)
    OS_TaskReturn                            0x0800301d   Thumb Code    18  os_task.o(.text)
    OSTimeDly                                0x08003035   Thumb Code   100  os_time.o(.text)
    OSTimeDlyHMSM                            0x08003099   Thumb Code    86  os_time.o(.text)
    OSTimeDlyResume                          0x080030ef   Thumb Code   176  os_time.o(.text)
    OSTimeGet                                0x0800319f   Thumb Code    24  os_time.o(.text)
    OSTimeSet                                0x080031b7   Thumb Code    24  os_time.o(.text)
    OSTmrCreate                              0x0800321f   Thumb Code   108  os_tmr.o(.text)
    OSTmrDel                                 0x08003309   Thumb Code   124  os_tmr.o(.text)
    OSTmrNameGet                             0x08003385   Thumb Code   114  os_tmr.o(.text)
    OSTmrRemainGet                           0x080033f7   Thumb Code   162  os_tmr.o(.text)
    OSTmrStateGet                            0x08003499   Thumb Code    86  os_tmr.o(.text)
    OSTmrStart                               0x08003559   Thumb Code   156  os_tmr.o(.text)
    OSTmrStop                                0x080035f5   Thumb Code   180  os_tmr.o(.text)
    OSTmrSignal                              0x080036a9   Thumb Code    16  os_tmr.o(.text)
    OSTmr_Init                               0x08003763   Thumb Code   172  os_tmr.o(.text)
    SystemInit                               0x08003953   Thumb Code    88  system_stm32f4xx.o(.text)
    SystemCoreClockUpdate                    0x080039ab   Thumb Code   174  system_stm32f4xx.o(.text)
    OS_CPU_SR_Save                           0x08003a85   Thumb Code     0  os_cpu_a.o(.text)
    OS_CPU_SR_Restore                        0x08003a8d   Thumb Code     0  os_cpu_a.o(.text)
    OSStartHighRdy                           0x08003a93   Thumb Code     0  os_cpu_a.o(.text)
    OSCtxSw                                  0x08003abb   Thumb Code     0  os_cpu_a.o(.text)
    OSIntCtxSw                               0x08003ac5   Thumb Code     0  os_cpu_a.o(.text)
    OS_CPU_PendSVHandler                     0x08003acf   Thumb Code     0  os_cpu_a.o(.text)
    main                                     0x08003b71   Thumb Code    86  gamemain.o(.text)
    GLCD_Init                                0x08003c0f   Thumb Code  1868  glcd_16bitif_stm32f4xx.o(.text)
    GLCD_SetWindow                           0x0800435b   Thumb Code   168  glcd_16bitif_stm32f4xx.o(.text)
    GLCD_WindowMax                           0x08004403   Thumb Code    26  glcd_16bitif_stm32f4xx.o(.text)
    GLCD_PutPixel                            0x0800441d   Thumb Code   118  glcd_16bitif_stm32f4xx.o(.text)
    GLCD_SetTextColor                        0x08004493   Thumb Code     6  glcd_16bitif_stm32f4xx.o(.text)
    GLCD_SetBackColor                        0x08004499   Thumb Code     6  glcd_16bitif_stm32f4xx.o(.text)
    GLCD_Clear                               0x0800449f   Thumb Code    42  glcd_16bitif_stm32f4xx.o(.text)
    GLCD_DrawChar                            0x080044c9   Thumb Code   150  glcd_16bitif_stm32f4xx.o(.text)
    GLCD_DisplayChar                         0x0800455f   Thumb Code    84  glcd_16bitif_stm32f4xx.o(.text)
    GLCD_DisplayString                       0x080045b3   Thumb Code    40  glcd_16bitif_stm32f4xx.o(.text)
    GLCD_ClearLn                             0x080045db   Thumb Code    94  glcd_16bitif_stm32f4xx.o(.text)
    GLCD_Bargraph                            0x08004639   Thumb Code    98  glcd_16bitif_stm32f4xx.o(.text)
    GLCD_Bitmap                              0x0800469b   Thumb Code    82  glcd_16bitif_stm32f4xx.o(.text)
    GLCD_ScrollVertical                      0x080046ed   Thumb Code   100  glcd_16bitif_stm32f4xx.o(.text)
    GLCD_WrCmd                               0x08004751   Thumb Code    12  glcd_16bitif_stm32f4xx.o(.text)
    GLCD_WrReg                               0x0800475d   Thumb Code    16  glcd_16bitif_stm32f4xx.o(.text)
    io_dir                                   0x080047bd   Thumb Code    90  i2c_stm32f4xx.o(.text)
    io_pin                                   0x08004817   Thumb Code    86  i2c_stm32f4xx.o(.text)
    io_state                                 0x0800486d   Thumb Code    32  i2c_stm32f4xx.o(.text)
    I2C_Init                                 0x080048c9   Thumb Code   218  i2c_stm32f4xx.o(.text)
    I2C_Recovery                             0x080049a3   Thumb Code   158  i2c_stm32f4xx.o(.text)
    I2C_Start                                0x08004a41   Thumb Code    22  i2c_stm32f4xx.o(.text)
    I2C_Stop                                 0x08004a57   Thumb Code    24  i2c_stm32f4xx.o(.text)
    I2C_Addr                                 0x08004a6f   Thumb Code    24  i2c_stm32f4xx.o(.text)
    I2C_Write                                0x08004a87   Thumb Code    18  i2c_stm32f4xx.o(.text)
    I2C_Read                                 0x08004a99   Thumb Code    58  i2c_stm32f4xx.o(.text)
    I2C_WrBuf                                0x08004ad3   Thumb Code   150  i2c_stm32f4xx.o(.text)
    I2C_RdBuf                                0x08004b69   Thumb Code   178  i2c_stm32f4xx.o(.text)
    I2C_WrData                               0x08004c1b   Thumb Code   158  i2c_stm32f4xx.o(.text)
    I2C_RdData                               0x08004cb9   Thumb Code   196  i2c_stm32f4xx.o(.text)
    JOY_Init                                 0x08004da3   Thumb Code    80  joy.o(.text)
    JOY_UnInit                               0x08004df3   Thumb Code    12  joy.o(.text)
    JOY_GetKeys                              0x08004e13   Thumb Code    98  joy.o(.text)
    LED_Init                                 0x08004e79   Thumb Code   268  led.o(.text)
    LED_UnInit                               0x08004f85   Thumb Code   150  led.o(.text)
    LED_On                                   0x0800501b   Thumb Code    66  led.o(.text)
    LED_Off                                  0x0800505d   Thumb Code    66  led.o(.text)
    LED_Val                                  0x0800509f   Thumb Code    38  led.o(.text)
    LED_Num                                  0x080050c5   Thumb Code     4  led.o(.text)
    infoScreen                               0x080050dd   Thumb Code   116  tetris.o(.text)
    DrawPlayer                               0x08005151   Thumb Code    42  tetris.o(.text)
    ErasePlayer                              0x0800517b   Thumb Code    34  tetris.o(.text)
    next_stage                               0x0800519d   Thumb Code    74  tetris.o(.text)
    pause                                    0x080051e7   Thumb Code   136  tetris.o(.text)
    Life_Decreasing                          0x0800526f   Thumb Code    84  tetris.o(.text)
    DrawInfo                                 0x080052c3   Thumb Code   232  tetris.o(.text)
    getch                                    0x080053ab   Thumb Code   758  tetris.o(.text)
    LoadingStage                             0x080056a1   Thumb Code   384  tetris.o(.text)
    HeightLine                               0x08005821   Thumb Code    84  tetris.o(.text)
    DrawPlayer_grace                         0x08005875   Thumb Code    44  tetris.o(.text)
    PlayerMoveAction                         0x080058a1   Thumb Code   246  tetris.o(.text)
    DrawBullet                               0x08005997   Thumb Code   134  tetris.o(.text)
    EraseBullet                              0x08005a1d   Thumb Code    36  tetris.o(.text)
    PlayerBulletAction                       0x08005a41   Thumb Code   100  tetris.o(.text)
    DrawEnemy                                0x08005aa5   Thumb Code   170  tetris.o(.text)
    EnemyBulletAction                        0x08005b4f   Thumb Code   116  tetris.o(.text)
    EnemyMoveAction                          0x08005bc3   Thumb Code   514  tetris.o(.text)
    EraseEnemyBullet                         0x08005dc5   Thumb Code    36  tetris.o(.text)
    DrawEnemyBullet                          0x08005de9   Thumb Code    72  tetris.o(.text)
    DrawEnemyBullet_grace                    0x08005e31   Thumb Code    44  tetris.o(.text)
    MoveEnemyBullet                          0x08005e5d   Thumb Code   218  tetris.o(.text)
    EnemyCrash                               0x08005f37   Thumb Code   410  tetris.o(.text)
    PlayerCrash                              0x080060d1   Thumb Code   286  tetris.o(.text)
    Life_init                                0x080061ef   Thumb Code   142  tetris.o(.text)
    Start                                    0x0800627d   Thumb Code    22  tetris.o(.text)
    game_main                                0x08006293   Thumb Code   146  tetris.o(.text)
    __2sprintf                               0x08006341   Thumb Code    34  noretval__2sprintf.o(.text)
    _printf_pre_padding                      0x08006369   Thumb Code    46  _printf_pad.o(.text)
    _printf_post_padding                     0x08006397   Thumb Code    36  _printf_pad.o(.text)
    _printf_str                              0x080063bb   Thumb Code    82  _printf_str.o(.text)
    _printf_int_dec                          0x0800640d   Thumb Code   102  _printf_dec.o(.text)
    __printf                                 0x08006485   Thumb Code   270  __printf_wp.o(.text)
    srand                                    0x08006595   Thumb Code    42  rand.o(.text)
    _rand_init                               0x080065bf   Thumb Code     4  rand.o(.text)
    exit                                     0x080065d1   Thumb Code    12  exit.o(.text)
    __use_two_region_memory                  0x080065dd   Thumb Code     2  heapauxi.o(.text)
    __rt_heap_escrow$2region                 0x080065df   Thumb Code     2  heapauxi.o(.text)
    __rt_heap_expand$2region                 0x080065e1   Thumb Code     2  heapauxi.o(.text)
    _printf_int_common                       0x080065e3   Thumb Code   184  _printf_intcommon.o(.text)
    _printf_char_common                      0x080066a7   Thumb Code    32  _printf_char_common.o(.text)
    _sputc                                   0x080066cd   Thumb Code    10  _sputc.o(.text)
    _printf_cs_common                        0x080066d7   Thumb Code    20  _printf_char.o(.text)
    _printf_char                             0x080066eb   Thumb Code    16  _printf_char.o(.text)
    _printf_string                           0x080066fb   Thumb Code     8  _printf_char.o(.text)
    _sys_exit                                0x08006705   Thumb Code     8  sys_exit.o(.text)
    __user_setup_stackheap                   0x08006711   Thumb Code    74  sys_stackheap_outer.o(.text)
    __user_libspace                          0x0800675d   Thumb Code     8  libspace.o(.text)
    __user_perproc_libspace                  0x0800675d   Thumb Code     0  libspace.o(.text)
    __user_perthread_libspace                0x0800675d   Thumb Code     0  libspace.o(.text)
    __I$use$semihosting                      0x08006765   Thumb Code     0  use_no_semi.o(.text)
    __use_no_semihosting_swi                 0x08006765   Thumb Code     2  use_no_semi.o(.text)
    __semihosting_library_function           0x08006767   Thumb Code     0  indicate_semi.o(.text)
    _is_digit                                0x08006767   Thumb Code    14  __printf_wp.o(i._is_digit)
    _fp_init                                 0x08006775   Thumb Code    10  fpinit.o(x$fpl$fpinit)
    __fplib_config_fpu_vfp                   0x0800677d   Thumb Code     0  fpinit.o(x$fpl$fpinit)
    __fplib_config_pureend_doubles           0x0800677d   Thumb Code     0  fpinit.o(x$fpl$fpinit)
    OSUnMapTbl                               0x0800677e   Data         256  os_core.o(.constdata)
    OSDebugEn                                0x08006880   Data           2  os_dbg.o(.constdata)
    OSEndiannessTest                         0x08006884   Data           4  os_dbg.o(.constdata)
    OSEventEn                                0x08006888   Data           2  os_dbg.o(.constdata)
    OSEventMax                               0x0800688a   Data           2  os_dbg.o(.constdata)
    OSEventNameEn                            0x0800688c   Data           2  os_dbg.o(.constdata)
    OSEventSize                              0x0800688e   Data           2  os_dbg.o(.constdata)
    OSEventTblSize                           0x08006890   Data           2  os_dbg.o(.constdata)
    OSEventMultiEn                           0x08006892   Data           2  os_dbg.o(.constdata)
    OSFlagEn                                 0x08006894   Data           2  os_dbg.o(.constdata)
    OSFlagGrpSize                            0x08006896   Data           2  os_dbg.o(.constdata)
    OSFlagNodeSize                           0x08006898   Data           2  os_dbg.o(.constdata)
    OSFlagWidth                              0x0800689a   Data           2  os_dbg.o(.constdata)
    OSFlagMax                                0x0800689c   Data           2  os_dbg.o(.constdata)
    OSFlagNameEn                             0x0800689e   Data           2  os_dbg.o(.constdata)
    OSLowestPrio                             0x080068a0   Data           2  os_dbg.o(.constdata)
    OSMboxEn                                 0x080068a2   Data           2  os_dbg.o(.constdata)
    OSMemEn                                  0x080068a4   Data           2  os_dbg.o(.constdata)
    OSMemMax                                 0x080068a6   Data           2  os_dbg.o(.constdata)
    OSMemNameEn                              0x080068a8   Data           2  os_dbg.o(.constdata)
    OSMemSize                                0x080068aa   Data           2  os_dbg.o(.constdata)
    OSMemTblSize                             0x080068ac   Data           2  os_dbg.o(.constdata)
    OSMutexEn                                0x080068ae   Data           2  os_dbg.o(.constdata)
    OSPtrSize                                0x080068b0   Data           2  os_dbg.o(.constdata)
    OSQEn                                    0x080068b2   Data           2  os_dbg.o(.constdata)
    OSQMax                                   0x080068b4   Data           2  os_dbg.o(.constdata)
    OSQSize                                  0x080068b6   Data           2  os_dbg.o(.constdata)
    OSRdyTblSize                             0x080068b8   Data           2  os_dbg.o(.constdata)
    OSSemEn                                  0x080068ba   Data           2  os_dbg.o(.constdata)
    OSStkWidth                               0x080068bc   Data           2  os_dbg.o(.constdata)
    OSTaskCreateEn                           0x080068be   Data           2  os_dbg.o(.constdata)
    OSTaskCreateExtEn                        0x080068c0   Data           2  os_dbg.o(.constdata)
    OSTaskDelEn                              0x080068c2   Data           2  os_dbg.o(.constdata)
    OSTaskIdleStkSize                        0x080068c4   Data           2  os_dbg.o(.constdata)
    OSTaskProfileEn                          0x080068c6   Data           2  os_dbg.o(.constdata)
    OSTaskMax                                0x080068c8   Data           2  os_dbg.o(.constdata)
    OSTaskNameEn                             0x080068ca   Data           2  os_dbg.o(.constdata)
    OSTaskStatEn                             0x080068cc   Data           2  os_dbg.o(.constdata)
    OSTaskStatStkSize                        0x080068ce   Data           2  os_dbg.o(.constdata)
    OSTaskStatStkChkEn                       0x080068d0   Data           2  os_dbg.o(.constdata)
    OSTaskSwHookEn                           0x080068d2   Data           2  os_dbg.o(.constdata)
    OSTaskRegTblSize                         0x080068d4   Data           2  os_dbg.o(.constdata)
    OSTCBPrioTblMax                          0x080068d6   Data           2  os_dbg.o(.constdata)
    OSTCBSize                                0x080068d8   Data           2  os_dbg.o(.constdata)
    OSTicksPerSec                            0x080068da   Data           2  os_dbg.o(.constdata)
    OSTimeTickHookEn                         0x080068dc   Data           2  os_dbg.o(.constdata)
    OSVersionNbr                             0x080068de   Data           2  os_dbg.o(.constdata)
    OSTmrEn                                  0x080068e0   Data           2  os_dbg.o(.constdata)
    OSTmrCfgMax                              0x080068e2   Data           2  os_dbg.o(.constdata)
    OSTmrCfgNameEn                           0x080068e4   Data           2  os_dbg.o(.constdata)
    OSTmrCfgWheelSize                        0x080068e6   Data           2  os_dbg.o(.constdata)
    OSTmrCfgTicksPerSec                      0x080068e8   Data           2  os_dbg.o(.constdata)
    OSTmrSize                                0x080068ea   Data           2  os_dbg.o(.constdata)
    OSTmrTblSize                             0x080068ec   Data           2  os_dbg.o(.constdata)
    OSTmrWheelSize                           0x080068ee   Data           2  os_dbg.o(.constdata)
    OSTmrWheelTblSize                        0x080068f0   Data           2  os_dbg.o(.constdata)
    OSDataSize                               0x080068f2   Data           2  os_dbg.o(.constdata)
    Font_6x8_h                               0x080068f4   Data         896  glcd_16bitif_stm32f4xx.o(.constdata)
    Font_16x24_h                             0x08006c74   Data        5664  glcd_16bitif_stm32f4xx.o(.constdata)
    led_mask                                 0x08008294   Data          32  led.o(.constdata)
    Region$$Table$$Base                      0x080082c4   Number         0  anon$$obj.o(Region$$Table)
    Region$$Table$$Limit                     0x080082e4   Number         0  anon$$obj.o(Region$$Table)
    OSCtxSwCtr                               0x20000000   Data           4  os_core.o(.data)
    OSEventFreeList                          0x20000004   Data           4  os_core.o(.data)
    OSFlagFreeList                           0x20000008   Data           4  os_core.o(.data)
    OSCPUUsage                               0x2000000c   Data           1  os_core.o(.data)
    OSIdleCtrMax                             0x20000010   Data           4  os_core.o(.data)
    OSIdleCtrRun                             0x20000014   Data           4  os_core.o(.data)
    OSStatRdy                                0x20000018   Data           1  os_core.o(.data)
    OSIntNesting                             0x20000019   Data           1  os_core.o(.data)
    OSLockNesting                            0x2000001a   Data           1  os_core.o(.data)
    OSPrioCur                                0x2000001b   Data           1  os_core.o(.data)
    OSPrioHighRdy                            0x2000001c   Data           1  os_core.o(.data)
    OSRdyGrp                                 0x2000001d   Data           1  os_core.o(.data)
    OSRdyTbl                                 0x2000001e   Data           8  os_core.o(.data)
    OSRunning                                0x20000026   Data           1  os_core.o(.data)
    OSTaskCtr                                0x20000027   Data           1  os_core.o(.data)
    OSIdleCtr                                0x20000028   Data           4  os_core.o(.data)
    OSTCBCur                                 0x2000002c   Data           4  os_core.o(.data)
    OSTCBFreeList                            0x20000030   Data           4  os_core.o(.data)
    OSTCBHighRdy                             0x20000034   Data           4  os_core.o(.data)
    OSTCBList                                0x20000038   Data           4  os_core.o(.data)
    OSTickStepState                          0x2000003c   Data           1  os_core.o(.data)
    OSMemFreeList                            0x20000040   Data           4  os_core.o(.data)
    OSQFreeList                              0x20000044   Data           4  os_core.o(.data)
    OSTaskRegNextAvailID                     0x20000048   Data           1  os_core.o(.data)
    OSTime                                   0x2000004c   Data           4  os_core.o(.data)
    OSTmrFree                                0x20000050   Data           2  os_core.o(.data)
    OSTmrUsed                                0x20000052   Data           2  os_core.o(.data)
    OSTmrTime                                0x20000054   Data           4  os_core.o(.data)
    OSTmrSem                                 0x20000058   Data           4  os_core.o(.data)
    OSTmrSemSignal                           0x2000005c   Data           4  os_core.o(.data)
    OSTmrFreeList                            0x20000060   Data           4  os_core.o(.data)
    level2Enemy                              0x20000064   Data           4  os_cpu_c.o(.data)
    OS_CPU_ExceptStkBase                     0x2000006c   Data           4  os_cpu_c.o(.data)
    SystemCoreClock                          0x20000074   Data           4  system_stm32f4xx.o(.data)
    AHBPrescTable                            0x20000078   Data          16  system_stm32f4xx.o(.data)
    tamperbut_sem                            0x20000088   Data           4  gamemain.o(.data)
    done_sem                                 0x2000008c   Data           4  gamemain.o(.data)
    arrEnemy                                 0x2000009c   Data          16  tetris.o(.data)
    px                                       0x200000ac   Data           4  tetris.o(.data)
    py                                       0x200000b0   Data           4  tetris.o(.data)
    bx                                       0x200000b4   Data           4  tetris.o(.data)
    mx                                       0x200000b8   Data           4  tetris.o(.data)
    Level                                    0x200000bc   Data           4  tetris.o(.data)
    Score                                    0x200000c0   Data           4  tetris.o(.data)
    GameOver                                 0x200000c4   Data           4  tetris.o(.data)
    life                                     0x200000c8   Data           4  tetris.o(.data)
    count                                    0x200000cc   Data           4  tetris.o(.data)
    led                                      0x200000d0   Data           4  tetris.o(.data)
    is_collision                             0x200000d4   Data           4  tetris.o(.data)
    grace_period                             0x200000d8   Data           4  tetris.o(.data)
    by                                       0x20000110   Data           4  tetris.o(.data)
    my                                       0x20000114   Data           4  tetris.o(.data)
    OSEventTbl                               0x20000118   Data         480  os_core.o(.bss)
    OSFlagTbl                                0x200002f8   Data          80  os_core.o(.bss)
    OSTaskStatStk                            0x20000348   Data         400  os_core.o(.bss)
    OSTaskIdleStk                            0x200004d8   Data         400  os_core.o(.bss)
    OSTCBPrioTbl                             0x20000668   Data         256  os_core.o(.bss)
    OSTCBTbl                                 0x20000768   Data        1936  os_core.o(.bss)
    OSMemTbl                                 0x20000ef8   Data         120  os_core.o(.bss)
    OSQTbl                                   0x20000f70   Data          96  os_core.o(.bss)
    OSTmrTbl                                 0x20000fd0   Data         640  os_core.o(.bss)
    OSTmrTaskStk                             0x20001250   Data         400  os_core.o(.bss)
    OSTmrWheelTbl                            0x200013e0   Data          56  os_core.o(.bss)
    OS_CPU_ExceptStk                         0x20001418   Data         512  os_cpu_c.o(.bss)
    EnemyLv2                                 0x20001618   Data          36  os_cpu_c.o(.bss)
    EnemyBulletLv2                           0x2000163c   Data          20  os_cpu_c.o(.bss)
    TaskStk                                  0x20001650   Data        8192  gamemain.o(.bss)
    Bullet                                   0x20003e50   Data         120  tetris.o(.bss)
    Enemy                                    0x20003ec8   Data         108  tetris.o(.bss)
    EnemyBullet                              0x20003f34   Data         240  tetris.o(.bss)
    score                                    0x20004024   Data          20  tetris.o(.bss)
    level                                    0x20004038   Data          30  tetris.o(.bss)
    _random_number_data                      0x20004058   Data         228  rand.o(.bss)
    __libspace_start                         0x2000413c   Data          96  libspace.o(.bss)
    __temporary_stack_top$libspace           0x2000419c   Data           0  libspace.o(.bss)



==============================================================================

Memory Map of the image

  Image Entry point : 0x08000189

  Load Region LR_IROM1 (Base: 0x08000000, Size: 0x000083fc, Max: 0x00100000, ABSOLUTE)

    Execution Region ER_IROM1 (Base: 0x08000000, Size: 0x000082e4, Max: 0x00100000, ABSOLUTE)

    Base Addr    Size         Type   Attr      Idx    E Section Name        Object

    0x08000000   0x00000188   Data   RO            3    RESET               startup_stm32f40_41xxx.o
    0x08000188   0x00000008   Code   RO          462  * !!!main             c_w.l(__main.o)
    0x08000190   0x00000034   Code   RO          625    !!!scatter          c_w.l(__scatter.o)
    0x080001c4   0x0000001a   Code   RO          627    !!handler_copy      c_w.l(__scatter_copy.o)
    0x080001de   0x00000002   PAD
    0x080001e0   0x0000001c   Code   RO          629    !!handler_zi        c_w.l(__scatter_zi.o)
    0x080001fc   0x00000000   Code   RO          452    .ARM.Collect$$_printf_percent$$00000000  c_w.l(_printf_percent.o)
    0x080001fc   0x00000006   Code   RO          451    .ARM.Collect$$_printf_percent$$00000009  c_w.l(_printf_d.o)
    0x08000202   0x00000006   Code   RO          449    .ARM.Collect$$_printf_percent$$00000013  c_w.l(_printf_c.o)
    0x08000208   0x00000006   Code   RO          450    .ARM.Collect$$_printf_percent$$00000014  c_w.l(_printf_s.o)
    0x0800020e   0x00000004   Code   RO          475    .ARM.Collect$$_printf_percent$$00000017  c_w.l(_printf_percent_end.o)
    0x08000212   0x00000002   Code   RO          562    .ARM.Collect$$libinit$$00000000  c_w.l(libinit.o)
    0x08000214   0x00000004   Code   RO          476    .ARM.Collect$$libinit$$00000001  c_w.l(libinit2.o)
    0x08000218   0x00000000   Code   RO          480    .ARM.Collect$$libinit$$00000008  c_w.l(libinit2.o)
    0x08000218   0x00000000   Code   RO          482    .ARM.Collect$$libinit$$0000000A  c_w.l(libinit2.o)
    0x08000218   0x00000004   Code   RO          483    .ARM.Collect$$libinit$$0000000B  c_w.l(libinit2.o)
    0x0800021c   0x00000000   Code   RO          484    .ARM.Collect$$libinit$$0000000C  c_w.l(libinit2.o)
    0x0800021c   0x00000000   Code   RO          487    .ARM.Collect$$libinit$$0000000F  c_w.l(libinit2.o)
    0x0800021c   0x00000000   Code   RO          489    .ARM.Collect$$libinit$$00000011  c_w.l(libinit2.o)
    0x0800021c   0x00000000   Code   RO          491    .ARM.Collect$$libinit$$00000013  c_w.l(libinit2.o)
    0x0800021c   0x00000000   Code   RO          493    .ARM.Collect$$libinit$$00000015  c_w.l(libinit2.o)
    0x0800021c   0x00000000   Code   RO          495    .ARM.Collect$$libinit$$00000017  c_w.l(libinit2.o)
    0x0800021c   0x00000000   Code   RO          497    .ARM.Collect$$libinit$$00000019  c_w.l(libinit2.o)
    0x0800021c   0x00000000   Code   RO          499    .ARM.Collect$$libinit$$0000001B  c_w.l(libinit2.o)
    0x0800021c   0x00000000   Code   RO          501    .ARM.Collect$$libinit$$0000001D  c_w.l(libinit2.o)
    0x0800021c   0x00000000   Code   RO          503    .ARM.Collect$$libinit$$0000001F  c_w.l(libinit2.o)
    0x0800021c   0x00000000   Code   RO          505    .ARM.Collect$$libinit$$00000021  c_w.l(libinit2.o)
    0x0800021c   0x00000000   Code   RO          507    .ARM.Collect$$libinit$$00000023  c_w.l(libinit2.o)
    0x0800021c   0x00000000   Code   RO          511    .ARM.Collect$$libinit$$0000002A  c_w.l(libinit2.o)
    0x0800021c   0x00000000   Code   RO          513    .ARM.Collect$$libinit$$0000002C  c_w.l(libinit2.o)
    0x0800021c   0x00000000   Code   RO          515    .ARM.Collect$$libinit$$0000002E  c_w.l(libinit2.o)
    0x0800021c   0x00000000   Code   RO          517    .ARM.Collect$$libinit$$00000030  c_w.l(libinit2.o)
    0x0800021c   0x00000002   Code   RO          518    .ARM.Collect$$libinit$$00000031  c_w.l(libinit2.o)
    0x0800021e   0x00000002   Code   RO          563    .ARM.Collect$$libshutdown$$00000000  c_w.l(libshutdown.o)
    0x08000220   0x00000000   Code   RO          580    .ARM.Collect$$libshutdown$$00000003  c_w.l(libshutdown2.o)
    0x08000220   0x00000000   Code   RO          583    .ARM.Collect$$libshutdown$$00000006  c_w.l(libshutdown2.o)
    0x08000220   0x00000000   Code   RO          586    .ARM.Collect$$libshutdown$$00000009  c_w.l(libshutdown2.o)
    0x08000220   0x00000000   Code   RO          588    .ARM.Collect$$libshutdown$$0000000B  c_w.l(libshutdown2.o)
    0x08000220   0x00000000   Code   RO          591    .ARM.Collect$$libshutdown$$0000000E  c_w.l(libshutdown2.o)
    0x08000220   0x00000002   Code   RO          592    .ARM.Collect$$libshutdown$$0000000F  c_w.l(libshutdown2.o)
    0x08000222   0x00000000   Code   RO          464    .ARM.Collect$$rtentry$$00000000  c_w.l(rtentry.o)
    0x08000222   0x00000000   Code   RO          520    .ARM.Collect$$rtentry$$00000002  c_w.l(rtentry2.o)
    0x08000222   0x00000006   Code   RO          532    .ARM.Collect$$rtentry$$00000004  c_w.l(rtentry4.o)
    0x08000228   0x00000000   Code   RO          522    .ARM.Collect$$rtentry$$00000009  c_w.l(rtentry2.o)
    0x08000228   0x00000004   Code   RO          523    .ARM.Collect$$rtentry$$0000000A  c_w.l(rtentry2.o)
    0x0800022c   0x00000000   Code   RO          525    .ARM.Collect$$rtentry$$0000000C  c_w.l(rtentry2.o)
    0x0800022c   0x00000008   Code   RO          526    .ARM.Collect$$rtentry$$0000000D  c_w.l(rtentry2.o)
    0x08000234   0x00000002   Code   RO          465    .ARM.Collect$$rtexit$$00000000  c_w.l(rtexit.o)
    0x08000236   0x00000000   Code   RO          535    .ARM.Collect$$rtexit$$00000002  c_w.l(rtexit2.o)
    0x08000236   0x00000004   Code   RO          536    .ARM.Collect$$rtexit$$00000003  c_w.l(rtexit2.o)
    0x0800023a   0x00000006   Code   RO          537    .ARM.Collect$$rtexit$$00000004  c_w.l(rtexit2.o)
    0x08000240   0x00000034   Code   RO          453    .emb_text           c_w.l(rand.o)
    0x08000274   0x00000040   Code   RO            4    .text               startup_stm32f40_41xxx.o
    0x080002b4   0x00000d34   Code   RO           10    .text               os_core.o
    0x08000fe8   0x000002d0   Code   RO           40    .text               os_cpu_c.o
    0x080012b8   0x0000015c   Code   RO          100    .text               os_dbg.o
    0x08001414   0x00000824   Code   RO          119    .text               os_flag.o
    0x08001c38   0x000001e4   Code   RO          143    .text               os_mem.o
    0x08001e1c   0x00000600   Code   RO          167    .text               os_q.o
    0x0800241c   0x000003a4   Code   RO          179    .text               os_sem.o
    0x080027c0   0x00000874   Code   RO          191    .text               os_task.o
    0x08003034   0x000001b8   Code   RO          203    .text               os_time.o
    0x080031ec   0x0000068c   Code   RO          215    .text               os_tmr.o
    0x08003878   0x0000020c   Code   RO          229    .text               system_stm32f4xx.o
    0x08003a84   0x000000b0   Code   RO          257    .text               os_cpu_a.o
    0x08003b34   0x000000b8   Code   RO          262    .text               gamemain.o
    0x08003bec   0x00000bc0   Code   RO          292    .text               glcd_16bitif_stm32f4xx.o
    0x080047ac   0x000005e4   Code   RO          322    .text               i2c_stm32f4xx.o
    0x08004d90   0x000000e8   Code   RO          342    .text               joy.o
    0x08004e78   0x00000264   Code   RO          362    .text               led.o
    0x080050dc   0x00001264   Code   RO          388    .text               tetris.o
    0x08006340   0x00000028   Code   RO          419    .text               c_w.l(noretval__2sprintf.o)
    0x08006368   0x00000052   Code   RO          423    .text               c_w.l(_printf_pad.o)
    0x080063ba   0x00000052   Code   RO          425    .text               c_w.l(_printf_str.o)
    0x0800640c   0x00000078   Code   RO          427    .text               c_w.l(_printf_dec.o)
    0x08006484   0x0000010e   Code   RO          437    .text               c_w.l(__printf_wp.o)
    0x08006592   0x00000002   PAD
    0x08006594   0x0000003c   Code   RO          454    .text               c_w.l(rand.o)
    0x080065d0   0x0000000c   Code   RO          458    .text               c_w.l(exit.o)
    0x080065dc   0x00000006   Code   RO          460    .text               c_w.l(heapauxi.o)
    0x080065e2   0x000000b8   Code   RO          467    .text               c_w.l(_printf_intcommon.o)
    0x0800669a   0x00000002   PAD
    0x0800669c   0x00000030   Code   RO          469    .text               c_w.l(_printf_char_common.o)
    0x080066cc   0x0000000a   Code   RO          471    .text               c_w.l(_sputc.o)
    0x080066d6   0x0000002c   Code   RO          473    .text               c_w.l(_printf_char.o)
    0x08006702   0x00000002   PAD
    0x08006704   0x0000000c   Code   RO          547    .text               c_w.l(sys_exit.o)
    0x08006710   0x0000004a   Code   RO          549    .text               c_w.l(sys_stackheap_outer.o)
    0x0800675a   0x00000002   PAD
    0x0800675c   0x00000008   Code   RO          566    .text               c_w.l(libspace.o)
    0x08006764   0x00000002   Code   RO          569    .text               c_w.l(use_no_semi.o)
    0x08006766   0x00000000   Code   RO          571    .text               c_w.l(indicate_semi.o)
    0x08006766   0x0000000e   Code   RO          439    i._is_digit         c_w.l(__printf_wp.o)
    0x08006774   0x0000000a   Code   RO          545    x$fpl$fpinit        fz_wm.l(fpinit.o)
    0x0800677e   0x00000100   Data   RO           12    .constdata          os_core.o
    0x0800687e   0x00000002   PAD
    0x08006880   0x00000074   Data   RO          101    .constdata          os_dbg.o
    0x080068f4   0x000019a0   Data   RO          293    .constdata          glcd_16bitif_stm32f4xx.o
    0x08008294   0x00000020   Data   RO          363    .constdata          led.o
    0x080082b4   0x00000004   Data   RO           42    .conststring        os_cpu_c.o
    0x080082b8   0x0000000c   Data   RO          390    .conststring        tetris.o
    0x080082c4   0x00000020   Data   RO          623    Region$$Table       anon$$obj.o


    Execution Region RW_IRAM1 (Base: 0x20000000, Size: 0x000047a0, Max: 0x00020000, ABSOLUTE)

    Base Addr    Size         Type   Attr      Idx    E Section Name        Object

    0x20000000   0x00000064   Data   RW           13    .data               os_core.o
    0x20000064   0x0000000e   Data   RW           43    .data               os_cpu_c.o
    0x20000072   0x00000002   PAD
    0x20000074   0x00000014   Data   RW          230    .data               system_stm32f4xx.o
    0x20000088   0x00000008   Data   RW          264    .data               gamemain.o
    0x20000090   0x00000009   Data   RW          294    .data               glcd_16bitif_stm32f4xx.o
    0x20000099   0x00000003   PAD
    0x2000009c   0x0000007c   Data   RW          391    .data               tetris.o
    0x20000118   0x00001300   Zero   RW           11    .bss                os_core.o
    0x20001418   0x00000238   Zero   RW           41    .bss                os_cpu_c.o
    0x20001650   0x00002800   Zero   RW          263    .bss                gamemain.o
    0x20003e50   0x00000206   Zero   RW          389    .bss                tetris.o
    0x20004056   0x00000002   PAD
    0x20004058   0x000000e4   Zero   RW          455    .bss                c_w.l(rand.o)
    0x2000413c   0x00000060   Zero   RW          567    .bss                c_w.l(libspace.o)
    0x2000419c   0x00000004   PAD
    0x200041a0   0x00000200   Zero   RW            2    HEAP                startup_stm32f40_41xxx.o
    0x200043a0   0x00000400   Zero   RW            1    STACK               startup_stm32f40_41xxx.o


==============================================================================

Image component sizes


      Code (inc. data)   RO Data    RW Data    ZI Data      Debug   Object Name

       184         38          0          8      10240       1396   gamemain.o
      3008         78       6560          9          0       7788   glcd_16bitif_stm32f4xx.o
      1508         38          0          0          0       5460   i2c_stm32f4xx.o
       232          4          0          0          0       1470   joy.o
       612         20         32          0          0       1940   led.o
      3380        294        256        100       4864      21416   os_core.o
       176         36          0          0          0        248   os_cpu_a.o
       720         58          4         14        568     288337   os_cpu_c.o
       348        230        116          0          0      12042   os_dbg.o
      2084         40          0          0          0       6828   os_flag.o
       484         16          0          0          0       3012   os_mem.o
      1536         36          0          0          0       5421   os_q.o
       932         22          0          0          0       3778   os_sem.o
      2164         80          0          0          0       7928   os_task.o
       440         30          0          0          0       1742   os_time.o
      1676        134          0          0          0       5409   os_tmr.o
        64         26        392          0       1536        816   startup_stm32f40_41xxx.o
       524         44          0         20          0       1719   system_stm32f4xx.o
      4708        538         12        124        518       9468   tetris.o

    ----------------------------------------------------------------------
     24780       1762       7406        280      17728     386218   Object Totals
         0          0         32          0          0          0   (incl. Generated)
         0          0          2          5          2          0   (incl. Padding)

    ----------------------------------------------------------------------

      Code (inc. data)   RO Data    RW Data    ZI Data      Debug   Library Member Name

         8          0          0          0          0         68   __main.o
       284          0          0          0          0        156   __printf_wp.o
        52          8          0          0          0          0   __scatter.o
        26          0          0          0          0          0   __scatter_copy.o
        28          0          0          0          0          0   __scatter_zi.o
         6          0          0          0          0          0   _printf_c.o
        44          0          0          0          0        108   _printf_char.o
        48          6          0          0          0         96   _printf_char_common.o
         6          0          0          0          0          0   _printf_d.o
       120         18          0          0          0         92   _printf_dec.o
       184          0          0          0          0         88   _printf_intcommon.o
        82          0          0          0          0        108   _printf_pad.o
         0          0          0          0          0          0   _printf_percent.o
         4          0          0          0          0          0   _printf_percent_end.o
         6          0          0          0          0          0   _printf_s.o
        82          0          0          0          0         80   _printf_str.o
        10          0          0          0          0         68   _sputc.o
        12          0          0          0          0         72   exit.o
         6          0          0          0          0        152   heapauxi.o
         0          0          0          0          0          0   indicate_semi.o
         2          0          0          0          0          0   libinit.o
        10          0          0          0          0          0   libinit2.o
         2          0          0          0          0          0   libshutdown.o
         2          0          0          0          0          0   libshutdown2.o
         8          4          0          0         96         68   libspace.o
        40          6          0          0          0         84   noretval__2sprintf.o
       112         18          0          0        228        160   rand.o
         0          0          0          0          0          0   rtentry.o
        12          0          0          0          0          0   rtentry2.o
         6          0          0          0          0          0   rtentry4.o
         2          0          0          0          0          0   rtexit.o
        10          0          0          0          0          0   rtexit2.o
        12          4          0          0          0         68   sys_exit.o
        74          0          0          0          0         80   sys_stackheap_outer.o
         2          0          0          0          0         68   use_no_semi.o
        10          0          0          0          0        116   fpinit.o

    ----------------------------------------------------------------------
      1322         64          0          0        328       1732   Library Totals
        10          0          0          0          4          0   (incl. Padding)

    ----------------------------------------------------------------------

      Code (inc. data)   RO Data    RW Data    ZI Data      Debug   Library Name

      1302         64          0          0        324       1616   c_w.l
        10          0          0          0          0        116   fz_wm.l

    ----------------------------------------------------------------------
      1322         64          0          0        328       1732   Library Totals

    ----------------------------------------------------------------------

==============================================================================


      Code (inc. data)   RO Data    RW Data    ZI Data      Debug   

     26102       1826       7406        280      18056     383966   Grand Totals
     26102       1826       7406        280      18056     383966   ELF Image Totals
     26102       1826       7406        280          0          0   ROM Totals

==============================================================================

    Total RO  Size (Code + RO Data)                33508 (  32.72kB)
    Total RW  Size (RW Data + ZI Data)             18336 (  17.91kB)
    Total ROM Size (Code + RO Data + RW Data)      33788 (  33.00kB)

==============================================================================

